mysql> select hid,mres,gid,mtime,t1.tname,t2.tname from m left join t as t1 on hid=t1.tid left join t as t2 on gid=t2.tid; 
+------+------+------+------------+----------+----------+
| hid  | mres | gid  | mtime      | tname    | tname    |
+------+------+------+------------+----------+----------+
|    2 | 3:2  |    1 | 2006-07-21 | 申花     | 国安     |
|    3 | 2:5  |    1 | 2006-06-25 | 公益联队 | 国安     |
|    1 | 2:0  |    2 | 2006-05-21 | 国安     | 申花     |
|    2 | 1:2  |    3 | 2006-06-21 | 申花     | 公益联队 |
+------+------+------+------------+----------+----------+
4 rows in set (0.01 sec)

mysql> select concat(t1.tname," ",t2.tname," ",mres," ",gid," ",mtime," ") from m left join t as t1 on hid=t1.tid left join t as t2 on gid=t2.tid; 
+--------------------------------------------------------------+
| concat(t1.tname," ",t2.tname," ",mres," ",gid," ",mtime," ") |
+--------------------------------------------------------------+
| 申花 国安 3:2 1 2006-07-21                                   |
| 公益联队 国安 2:5 1 2006-06-25                               |
| 国安 申花 2:0 2 2006-05-21                                   |
| 申花 公益联队 1:2 3 2006-06-21                               |
+--------------------------------------------------------------+
4 rows in set (0.00 sec)

mysql> select concat(t1.tname,"       ",t2.tname," ",mres," ",gid," ",mtime," ") from m left join t as t1 on hid=t1.tid left join t as t2 on gid=t2.tid; 
+--------------------------------------------------------------------+
| concat(t1.tname,"       ",t2.tname," ",mres," ",gid," ",mtime," ") |
+--------------------------------------------------------------------+
| 申花       国安 3:2 1 2006-07-21                                   |
| 公益联队       国安 2:5 1 2006-06-25                               |
| 国安       申花 2:0 2 2006-05-21                                   |
| 申花       公益联队 1:2 3 2006-06-21                               |
+--------------------------------------------------------------------+
4 rows in set (0.00 sec)

mysql> select concat(t1.tname,"       ",t2.tname," ",mres," ",gid," ",mtime," ") from m left join t as t1 on hid=t1.tid left join t as t2 on gid=t2.tid where mtime between "2006-06-01" and "2006-07-01"; 
+--------------------------------------------------------------------+
| concat(t1.tname,"       ",t2.tname," ",mres," ",gid," ",mtime," ") |
+--------------------------------------------------------------------+
| 公益联队       国安 2:5 1 2006-06-25                               |
| 申花       公益联队 1:2 3 2006-06-21                               |
+--------------------------------------------------------------------+
2 rows in set (0.00 sec)

mysql> select goods_name,cat_id from goods
    -> union
    -> select goods_name,cat_id from goods;
+------------------------------+--------+
| goods_name                   | cat_id |
+------------------------------+--------+
| KD876                        |      4 |
| 诺基亚N85原装充电器          |      8 |
| 诺基亚原装5800耳机           |      8 |
| 索爱原装M2卡读卡器           |     11 |
| 胜创KINGMAX内存卡            |     11 |
| 诺基亚N85原装立体声耳机HS-82 |      8 |
| 飞利浦9@9v                   |      3 |
| 诺基亚E66                    |      3 |
| 索爱C702c                    |      3 |
| 摩托罗拉A810                 |      3 |
| 诺基亚5320 XpressMusic       |      3 |
| 诺基亚5800XM                 |      4 |
| 恒基伟业G101                 |      2 |
| 夏新N7                       |      3 |
| 夏新T5                       |      4 |
| 三星SGH-F258                 |      3 |
| 三星BC01                     |      3 |
| 金立 A30                     |      3 |
| 多普达Touch HD               |      3 |
| 诺基亚N96                    |      5 |
| P806                         |      3 |
| 小灵通/固话50元充值卡        |     13 |
| 小灵通/固话20元充值卡        |     13 |
| 联通100元充值卡              |     15 |
| 联通50元充值卡               |     15 |
| 移动100元充值卡              |     14 |
| 移动20元充值卡               |     14 |
| 摩托罗拉E8                   |      3 |
| 诺基亚N85                    |      3 |
+------------------------------+--------+
29 rows in set (0.02 sec)

mysql> select goods_name,cat_id from goods where cat_id=3
    -> union
    -> select goods_name,cat_id from goods where cat_id in (4,5);
+------------------------+--------+
| goods_name             | cat_id |
+------------------------+--------+
| 飞利浦9@9v             |      3 |
| 诺基亚E66              |      3 |
| 索爱C702c              |      3 |
| 摩托罗拉A810           |      3 |
| 诺基亚5320 XpressMusic |      3 |
| 夏新N7                 |      3 |
| 三星SGH-F258           |      3 |
| 三星BC01               |      3 |
| 金立 A30               |      3 |
| 多普达Touch HD         |      3 |
| P806                   |      3 |
| 摩托罗拉E8             |      3 |
| 诺基亚N85              |      3 |
| KD876                  |      4 |
| 诺基亚5800XM           |      4 |
| 夏新T5                 |      4 |
| 诺基亚N96              |      5 |
+------------------------+--------+
17 rows in set (0.06 sec)

mysql> select goods_id,goods_name,cat_id,shop_price from goods where shop_price<1000
    -> union 
    -> select goods_id,goods_name,cat_id,shop_price from goods where shop_price>4000
    -> ;
+----------+------------------------------+--------+------------+
| goods_id | goods_name                   | cat_id | shop_price |
+----------+------------------------------+--------+------------+
|        4 | 诺基亚N85原装充电器          |      8 |      58.00 |
|        3 | 诺基亚原装5800耳机           |      8 |      68.00 |
|        5 | 索爱原装M2卡读卡器           |     11 |      20.00 |
|        6 | 胜创KINGMAX内存卡            |     11 |      42.00 |
|        7 | 诺基亚N85原装立体声耳机HS-82 |      8 |     100.00 |
|        8 | 飞利浦9@9v                   |      3 |     399.00 |
|       12 | 摩托罗拉A810                 |      3 |     983.00 |
|       15 | 摩托罗拉A810                 |      3 |     788.00 |
|       16 | 恒基伟业G101                 |      2 |     823.33 |
|       19 | 三星SGH-F258                 |      3 |     858.00 |
|       20 | 三星BC01                     |      3 |     280.00 |
|       25 | 小灵通/固话50元充值卡        |     13 |      48.00 |
|       26 | 小灵通/固话20元充值卡        |     13 |      19.00 |
|       27 | 联通100元充值卡              |     15 |      95.00 |
|       28 | 联通50元充值卡               |     15 |      45.00 |
|       29 | 移动100元充值卡              |     14 |      90.00 |
|       30 | 移动20元充值卡               |     14 |      18.00 |
|       22 | 多普达Touch HD               |      3 |    5999.00 |
+----------+------------------------------+--------+------------+
18 rows in set (0.06 sec)

mysql> select goods_id,goods_name,cat_id,shop_price from goods where shop_price<1000
    -> union
    -> select goods_name,cat_id,goods_id,shop_price from goods where shop_price<1000
    -> ;
+------------------------------+------------------------------+--------+------------+
| goods_id                     | goods_name                   | cat_id | shop_price |
+------------------------------+------------------------------+--------+------------+
| 4                            | 诺基亚N85原装充电器          |      8 |      58.00 |
| 3                            | 诺基亚原装5800耳机           |      8 |      68.00 |
| 5                            | 索爱原装M2卡读卡器           |     11 |      20.00 |
| 6                            | 胜创KINGMAX内存卡            |     11 |      42.00 |
| 7                            | 诺基亚N85原装立体声耳机HS-82 |      8 |     100.00 |
| 8                            | 飞利浦9@9v                   |      3 |     399.00 |
| 12                           | 摩托罗拉A810                 |      3 |     983.00 |
| 15                           | 摩托罗拉A810                 |      3 |     788.00 |
| 16                           | 恒基伟业G101                 |      2 |     823.33 |
| 19                           | 三星SGH-F258                 |      3 |     858.00 |
| 20                           | 三星BC01                     |      3 |     280.00 |
| 25                           | 小灵通/固话50元充值卡        |     13 |      48.00 |
| 26                           | 小灵通/固话20元充值卡        |     13 |      19.00 |
| 27                           | 联通100元充值卡              |     15 |      95.00 |
| 28                           | 联通50元充值卡               |     15 |      45.00 |
| 29                           | 移动100元充值卡              |     14 |      90.00 |
| 30                           | 移动20元充值卡               |     14 |      18.00 |
| 诺基亚N85原装充电器          | 8                            |      4 |      58.00 |
| 诺基亚原装5800耳机           | 8                            |      3 |      68.00 |
| 索爱原装M2卡读卡器           | 11                           |      5 |      20.00 |
| 胜创KINGMAX内存卡            | 11                           |      6 |      42.00 |
| 诺基亚N85原装立体声耳机HS-82 | 8                            |      7 |     100.00 |
| 飞利浦9@9v                   | 3                            |      8 |     399.00 |
| 摩托罗拉A810                 | 3                            |     12 |     983.00 |
| 摩托罗拉A810                 | 3                            |     15 |     788.00 |
| 恒基伟业G101                 | 2                            |     16 |     823.33 |
| 三星SGH-F258                 | 3                            |     19 |     858.00 |
| 三星BC01                     | 3                            |     20 |     280.00 |
| 小灵通/固话50元充值卡        | 13                           |     25 |      48.00 |
| 小灵通/固话20元充值卡        | 13                           |     26 |      19.00 |
| 联通100元充值卡              | 15                           |     27 |      95.00 |
| 联通50元充值卡               | 15                           |     28 |      45.00 |
| 移动100元充值卡              | 14                           |     29 |      90.00 |
| 移动20元充值卡               | 14                           |     30 |      18.00 |
+------------------------------+------------------------------+--------+------------+
34 rows in set (0.00 sec)

mysql> 
    -> ；
    -> ;
ERROR 1064 (42000): You have an error in your SQL syntax; check the manual that corresponds to your MySQL server version for the right syntax to use near '
；' at line 1
mysql> select goods_name,cat_id,goods_id,shop_price from goods where shop_price<1000 union select goods_name,cat_id,goods_id,shop_price from goods where shop_price >3000
    -> order by shop_price;
+------------------------------+--------+----------+------------+
| goods_name                   | cat_id | goods_id | shop_price |
+------------------------------+--------+----------+------------+
| 移动20元充值卡               |     14 |       30 |      18.00 |
| 小灵通/固话20元充值卡        |     13 |       26 |      19.00 |
| 索爱原装M2卡读卡器           |     11 |        5 |      20.00 |
| 胜创KINGMAX内存卡            |     11 |        6 |      42.00 |
| 联通50元充值卡               |     15 |       28 |      45.00 |
| 小灵通/固话50元充值卡        |     13 |       25 |      48.00 |
| 诺基亚N85原装充电器          |      8 |        4 |      58.00 |
| 诺基亚原装5800耳机           |      8 |        3 |      68.00 |
| 移动100元充值卡              |     14 |       29 |      90.00 |
| 联通100元充值卡              |     15 |       27 |      95.00 |
| 诺基亚N85原装立体声耳机HS-82 |      8 |        7 |     100.00 |
| 三星BC01                     |      3 |       20 |     280.00 |
| 飞利浦9@9v                   |      3 |        8 |     399.00 |
| 摩托罗拉A810                 |      3 |       15 |     788.00 |
| 恒基伟业G101                 |      2 |       16 |     823.33 |
| 三星SGH-F258                 |      3 |       19 |     858.00 |
| 摩托罗拉A810                 |      3 |       12 |     983.00 |
| 诺基亚N85                    |      3 |       32 |    3010.00 |
| 诺基亚N96                    |      5 |       23 |    3700.00 |
| 多普达Touch HD               |      3 |       22 |    5999.00 |
+------------------------------+--------+----------+------------+
20 rows in set (0.00 sec)

mysql> select goods_id,goods_name,cat_id,shop_price from goods where cat_id=3 union select goods_id,goods_name,cat_id,shop_price from goods where cat_id=5 order by shop_price;
+----------+------------------------+--------+------------+
| goods_id | goods_name             | cat_id | shop_price |
+----------+------------------------+--------+------------+
|       20 | 三星BC01               |      3 |     280.00 |
|        8 | 飞利浦9@9v             |      3 |     399.00 |
|       15 | 摩托罗拉A810           |      3 |     788.00 |
|       19 | 三星SGH-F258           |      3 |     858.00 |
|       12 | 摩托罗拉A810           |      3 |     983.00 |
|       11 | 索爱C702c              |      3 |    1300.00 |
|       13 | 诺基亚5320 XpressMusic |      3 |    1311.00 |
|       10 | 索爱C702c              |      3 |    1328.00 |
|       31 | 摩托罗拉E8             |      3 |    1337.00 |
|       24 | P806                   |      3 |    2000.00 |
|       21 | 金立 A30               |      3 |    2000.00 |
|        9 | 诺基亚E66              |      3 |    2298.00 |
|       17 | 夏新N7                 |      3 |    2300.00 |
|       32 | 诺基亚N85              |      3 |    3010.00 |
|       23 | 诺基亚N96              |      5 |    3700.00 |
|       22 | 多普达Touch HD         |      3 |    5999.00 |
+----------+------------------------+--------+------------+
16 rows in set (0.00 sec)

mysql> select goods_id,goods_name,cat_id,shop_price from goods where cat_id=3 order by shop_price desc limit 3 union select goods_id,goods_name,cat_id,shop_price from goods where cat_id=5 order by shop_price asc limit 2;
ERROR 1221 (HY000): Incorrect usage of UNION and ORDER BY
mysql> (select goods_id,goods_name,cat_id,shop_price from goods where cat_id=3 order by shop_price desc limit 3) union (select goods_id,goods_name,cat_id,shop_price from goods where cat_id=5 order by shop_price asc limit 2);
+----------+----------------+--------+------------+
| goods_id | goods_name     | cat_id | shop_price |
+----------+----------------+--------+------------+
|       22 | 多普达Touch HD |      3 |    5999.00 |
|       32 | 诺基亚N85      |      3 |    3010.00 |
|       17 | 夏新N7         |      3 |    2300.00 |
|       23 | 诺基亚N96      |      5 |    3700.00 |
+----------+----------------+--------+------------+
4 rows in set (0.00 sec)

mysql> (select goods_id,goods_name,cat_id,shop_price from goods where cat_id=3 order by shop_price desc limit 3) union (select goods_id,goods_name,cat_id,shop_price from goods where cat_id=5 order by shop_price asc limit 2) order by shop_price asc;
+----------+----------------+--------+------------+
| goods_id | goods_name     | cat_id | shop_price |
+----------+----------------+--------+------------+
|       17 | 夏新N7         |      3 |    2300.00 |
|       32 | 诺基亚N85      |      3 |    3010.00 |
|       23 | 诺基亚N96      |      5 |    3700.00 |
|       22 | 多普达Touch HD |      3 |    5999.00 |
+----------+----------------+--------+------------+
4 rows in set (0.00 sec)

mysql> select goods_name from goods
    -> union 
    -> select goods_name from goodss;
ERROR 1146 (42S02): Table 'test.goodss' doesn''t exist
mysql> select goods_name from goods
    -> union 
    -> select goods_name from goods;
+------------------------------+
| goods_name                   |
+------------------------------+
| KD876                        |
| 诺基亚N85原装充电器          |
| 诺基亚原装5800耳机           |
| 索爱原装M2卡读卡器           |
| 胜创KINGMAX内存卡            |
| 诺基亚N85原装立体声耳机HS-82 |
| 飞利浦9@9v                   |
| 诺基亚E66                    |
| 索爱C702c                    |
| 摩托罗拉A810                 |
| 诺基亚5320 XpressMusic       |
| 诺基亚5800XM                 |
| 恒基伟业G101                 |
| 夏新N7                       |
| 夏新T5                       |
| 三星SGH-F258                 |
| 三星BC01                     |
| 金立 A30                     |
| 多普达Touch HD               |
| 诺基亚N96                    |
| P806                         |
| 小灵通/固话50元充值卡        |
| 小灵通/固话20元充值卡        |
| 联通100元充值卡              |
| 联通50元充值卡               |
| 移动100元充值卡              |
| 移动20元充值卡               |
| 摩托罗拉E8                   |
| 诺基亚N85                    |
+------------------------------+
29 rows in set (0.00 sec)

mysql> select goods_name from goods
    -> union all
    -> select goods_name from goods;
+------------------------------+
| goods_name                   |
+------------------------------+
| KD876                        |
| 诺基亚N85原装充电器          |
| 诺基亚原装5800耳机           |
| 索爱原装M2卡读卡器           |
| 胜创KINGMAX内存卡            |
| 诺基亚N85原装立体声耳机HS-82 |
| 飞利浦9@9v                   |
| 诺基亚E66                    |
| 索爱C702c                    |
| 索爱C702c                    |
| 摩托罗拉A810                 |
| 诺基亚5320 XpressMusic       |
| 诺基亚5800XM                 |
| 摩托罗拉A810                 |
| 恒基伟业G101                 |
| 夏新N7                       |
| 夏新T5                       |
| 三星SGH-F258                 |
| 三星BC01                     |
| 金立 A30                     |
| 多普达Touch HD               |
| 诺基亚N96                    |
| P806                         |
| 小灵通/固话50元充值卡        |
| 小灵通/固话20元充值卡        |
| 联通100元充值卡              |
| 联通50元充值卡               |
| 移动100元充值卡              |
| 移动20元充值卡               |
| 摩托罗拉E8                   |
| 诺基亚N85                    |
| KD876                        |
| 诺基亚N85原装充电器          |
| 诺基亚原装5800耳机           |
| 索爱原装M2卡读卡器           |
| 胜创KINGMAX内存卡            |
| 诺基亚N85原装立体声耳机HS-82 |
| 飞利浦9@9v                   |
| 诺基亚E66                    |
| 索爱C702c                    |
| 索爱C702c                    |
| 摩托罗拉A810                 |
| 诺基亚5320 XpressMusic       |
| 诺基亚5800XM                 |
| 摩托罗拉A810                 |
| 恒基伟业G101                 |
| 夏新N7                       |
| 夏新T5                       |
| 三星SGH-F258                 |
| 三星BC01                     |
| 金立 A30                     |
| 多普达Touch HD               |
| 诺基亚N96                    |
| P806                         |
| 小灵通/固话50元充值卡        |
| 小灵通/固话20元充值卡        |
| 联通100元充值卡              |
| 联通50元充值卡               |
| 移动100元充值卡              |
| 移动20元充值卡               |
| 摩托罗拉E8                   |
| 诺基亚N85                    |
+------------------------------+
62 rows in set (0.00 sec)

mysql> 
mysql> #函数
mysql> select 3;
+---+
| 3 |
+---+
| 3 |
+---+
1 row in set (0.00 sec)

mysql> select 3*5;
+-----+
| 3*5 |
+-----+
|  15 |
+-----+
1 row in set (0.00 sec)

mysql> select abs(3-5);
+----------+
| abs(3-5) |
+----------+
|        2 |
+----------+
1 row in set (0.07 sec)

mysql> select bin(7)
    -> ;
+--------+
| bin(7) |
+--------+
| 111    |
+--------+
1 row in set (0.00 sec)

mysql> select hex(38);
+---------+
| hex(38) |
+---------+
| 26      |
+---------+
1 row in set (0.00 sec)

mysql> #对小数，舍去取整
mysql> select floor(3.23);
+-------------+
| floor(3.23) |
+-------------+
|           3 |
+-------------+
1 row in set (0.07 sec)

mysql> #看一看第个栏目下的商品的价格
mysql> select goods_name,shop_price from goods where cat_id=4;
+--------------+------------+
| goods_name   | shop_price |
+--------------+------------+
| KD876        |    1388.00 |
| 诺基亚5800XM |    2625.00 |
| 夏新T5       |    2878.00 |
+--------------+------------+
3 rows in set (0.00 sec)

mysql> select goods_name,cat_id,floor(shop_price*0.88) from goods;
+------------------------------+--------+------------------------+
| goods_name                   | cat_id | floor(shop_price*0.88) |
+------------------------------+--------+------------------------+
| KD876                        |      4 |                   1221 |
| 诺基亚N85原装充电器          |      8 |                     51 |
| 诺基亚原装5800耳机           |      8 |                     59 |
| 索爱原装M2卡读卡器           |     11 |                     17 |
| 胜创KINGMAX内存卡            |     11 |                     36 |
| 诺基亚N85原装立体声耳机HS-82 |      8 |                     88 |
| 飞利浦9@9v                   |      3 |                    351 |
| 诺基亚E66                    |      3 |                   2022 |
| 索爱C702c                    |      3 |                   1168 |
| 索爱C702c                    |      3 |                   1144 |
| 摩托罗拉A810                 |      3 |                    865 |
| 诺基亚5320 XpressMusic       |      3 |                   1153 |
| 诺基亚5800XM                 |      4 |                   2310 |
| 摩托罗拉A810                 |      3 |                    693 |
| 恒基伟业G101                 |      2 |                    724 |
| 夏新N7                       |      3 |                   2024 |
| 夏新T5                       |      4 |                   2532 |
| 三星SGH-F258                 |      3 |                    755 |
| 三星BC01                     |      3 |                    246 |
| 金立 A30                     |      3 |                   1760 |
| 多普达Touch HD               |      3 |                   5279 |
| 诺基亚N96                    |      5 |                   3256 |
| P806                         |      3 |                   1760 |
| 小灵通/固话50元充值卡        |     13 |                     42 |
| 小灵通/固话20元充值卡        |     13 |                     16 |
| 联通100元充值卡              |     15 |                     83 |
| 联通50元充值卡               |     15 |                     39 |
| 移动100元充值卡              |     14 |                     79 |
| 移动20元充值卡               |     14 |                     15 |
| 摩托罗拉E8                   |      3 |                   1176 |
| 诺基亚N85                    |      3 |                   2648 |
+------------------------------+--------+------------------------+
31 rows in set (0.00 sec)

mysql> #随机生成5-15之间的数字
mysql> select rount(0,1)*10+5;
ERROR 1305 (42000): FUNCTION test.rount does not exist
mysql> select round(0,1)*10+5;
+-----------------+
| round(0,1)*10+5 |
+-----------------+
|               5 |
+-----------------+
1 row in set (0.05 sec)

mysql> select round(0,1)*10+5;
+-----------------+
| round(0,1)*10+5 |
+-----------------+
|               5 |
+-----------------+
1 row in set (0.00 sec)

mysql> select round(0,1)*10+5;
+-----------------+
| round(0,1)*10+5 |
+-----------------+
|               5 |
+-----------------+
1 row in set (0.00 sec)

mysql> select round(0,1)*10+5;
+-----------------+
| round(0,1)*10+5 |
+-----------------+
|               5 |
+-----------------+
1 row in set (0.00 sec)

mysql> select rand(0,1)*10+5;
ERROR 1582 (42000): Incorrect parameter count in the call to native function 'rand'
mysql> select rand()*10+5;
+--------------------+
| rand()*10+5        |
+--------------------+
| 12.366505942648747 |
+--------------------+
1 row in set (0.00 sec)

mysql> select rand()*10+5;
+--------------------+
| rand()*10+5        |
+--------------------+
| 7.5282034115197165 |
+--------------------+
1 row in set (0.00 sec)

mysql> select rand()*10+5;
+-------------------+
| rand()*10+5       |
+-------------------+
| 5.541499536988791 |
+-------------------+
1 row in set (0.00 sec)

mysql> select rand()*10+5;
+--------------------+
| rand()*10+5        |
+--------------------+
| 10.122887757721253 |
+--------------------+
1 row in set (0.00 sec)

mysql> select rand()*10+5;
+------------------+
| rand()*10+5      |
+------------------+
| 8.98994048497634 |
+------------------+
1 row in set (0.00 sec)

mysql> select rand()*10+5;
+-------------------+
| rand()*10+5       |
+-------------------+
| 9.581039459054395 |
+-------------------+
1 row in set (0.00 sec)

mysql> select rand()*10+5;
+-------------------+
| rand()*10+5       |
+-------------------+
| 5.935376147679404 |
+-------------------+
1 row in set (0.00 sec)

mysql> select rand()*10+5;
+--------------------+
| rand()*10+5        |
+--------------------+
| 5.9337626685702825 |
+--------------------+
1 row in set (0.00 sec)

mysql> select rand()*10+5;
+-------------------+
| rand()*10+5       |
+-------------------+
| 6.862685207149652 |
+-------------------+
1 row in set (0.00 sec)

mysql> select rand()*10+5;
+--------------------+
| rand()*10+5        |
+--------------------+
| 11.512138337373862 |
+--------------------+
1 row in set (0.00 sec)

mysql> select rand()*10+5;
+--------------------+
| rand()*10+5        |
+--------------------+
| 11.972636372756806 |
+--------------------+
1 row in set (0.00 sec)

mysql> select rand()*10+5;
+-------------------+
| rand()*10+5       |
+-------------------+
| 10.32676715899889 |
+-------------------+
1 row in set (0.00 sec)

mysql> select rand()*10+5;
+--------------------+
| rand()*10+5        |
+--------------------+
| 10.715926984060488 |
+--------------------+
1 row in set (0.00 sec)

mysql> select rand()*10+5;
+-------------------+
| rand()*10+5       |
+-------------------+
| 7.599333750642216 |
+-------------------+
1 row in set (0.00 sec)

mysql> select rand()*10+5;
+--------------------+
| rand()*10+5        |
+--------------------+
| 10.848888108366065 |
+--------------------+
1 row in set (0.00 sec)

mysql> select rand()*10+5;
+-------------------+
| rand()*10+5       |
+-------------------+
| 6.446439597240127 |
+-------------------+
1 row in set (0.00 sec)

mysql> select floor(rand())*10+5;
+--------------------+
| floor(rand())*10+5 |
+--------------------+
|                  5 |
+--------------------+
1 row in set (0.00 sec)

mysql> select floor(rand())*10+5;
+--------------------+
| floor(rand())*10+5 |
+--------------------+
|                  5 |
+--------------------+
1 row in set (0.00 sec)

mysql> select floor(rand())*10+5;
+--------------------+
| floor(rand())*10+5 |
+--------------------+
|                  5 |
+--------------------+
1 row in set (0.00 sec)

mysql> select floor(rand()*10+5);
+--------------------+
| floor(rand()*10+5) |
+--------------------+
|                  9 |
+--------------------+
1 row in set (0.00 sec)

mysql> select floor(rand()*10+5);
+--------------------+
| floor(rand()*10+5) |
+--------------------+
|                 14 |
+--------------------+
1 row in set (0.00 sec)

mysql> select floor(rand()*10+5);
+--------------------+
| floor(rand()*10+5) |
+--------------------+
|                  6 |
+--------------------+
1 row in set (0.00 sec)

mysql> select floor(rand()*10+5);
+--------------------+
| floor(rand()*10+5) |
+--------------------+
|                  6 |
+--------------------+
1 row in set (0.00 sec)

mysql> select floor(rand()*10+5);
+--------------------+
| floor(rand()*10+5) |
+--------------------+
|                  6 |
+--------------------+
1 row in set (0.00 sec)

mysql> select floor(rand()*10+5);
+--------------------+
| floor(rand()*10+5) |
+--------------------+
|                  8 |
+--------------------+
1 row in set (0.00 sec)

mysql> select floor(rand()*10+5);
+--------------------+
| floor(rand()*10+5) |
+--------------------+
|                  7 |
+--------------------+
1 row in set (0.00 sec)

mysql> select floor(rand()*10+6);
+--------------------+
| floor(rand()*10+6) |
+--------------------+
|                  6 |
+--------------------+
1 row in set (0.00 sec)

mysql> select floor(rand()*10+6);
+--------------------+
| floor(rand()*10+6) |
+--------------------+
|                 11 |
+--------------------+
1 row in set (0.00 sec)

mysql> select floor(rand()*10+6);
+--------------------+
| floor(rand()*10+6) |
+--------------------+
|                 12 |
+--------------------+
1 row in set (0.00 sec)

mysql> select floor(rand()*10+6);
+--------------------+
| floor(rand()*10+6) |
+--------------------+
|                  9 |
+--------------------+
1 row in set (0.00 sec)

mysql> select floor(rand()*10+6);
+--------------------+
| floor(rand()*10+6) |
+--------------------+
|                  7 |
+--------------------+
1 row in set (0.00 sec)

mysql> select floor(rand()*10+6);
+--------------------+
| floor(rand()*10+6) |
+--------------------+
|                 13 |
+--------------------+
1 row in set (0.00 sec)

mysql> select floor(rand()*10+6);
+--------------------+
| floor(rand()*10+6) |
+--------------------+
|                  7 |
+--------------------+
1 row in set (0.00 sec)

mysql> select floor(rand()*10+6);
+--------------------+
| floor(rand()*10+6) |
+--------------------+
|                 12 |
+--------------------+
1 row in set (0.00 sec)

mysql> select floor(rand()*10+6);
+--------------------+
| floor(rand()*10+6) |
+--------------------+
|                 11 |
+--------------------+
1 row in set (0.00 sec)

mysql> 
mysql> select floor(rand()*10+6);
+--------------------+
| floor(rand()*10+6) |
+--------------------+
|                 13 |
+--------------------+
1 row in set (0.00 sec)

mysql> select floor(rand()*10+6);
+--------------------+
| floor(rand()*10+6) |
+--------------------+
|                  9 |
+--------------------+
1 row in set (0.00 sec)

mysql> select floor(rand()*10+6);
+--------------------+
| floor(rand()*10+6) |
+--------------------+
|                 11 |
+--------------------+
1 row in set (0.00 sec)

mysql> select floor(rand()*10+6);
+--------------------+
| floor(rand()*10+6) |
+--------------------+
|                 13 |
+--------------------+
1 row in set (0.00 sec)

mysql> select floor(rand()*10+6);
+--------------------+
| floor(rand()*10+6) |
+--------------------+
|                 14 |
+--------------------+
1 row in set (0.00 sec)

mysql> select floor(rand()*10+6);
+--------------------+
| floor(rand()*10+6) |
+--------------------+
|                  8 |
+--------------------+
1 row in set (0.00 sec)

mysql> select floor(rand()*10+6);
+--------------------+
| floor(rand()*10+6) |
+--------------------+
|                 13 |
+--------------------+
1 row in set (0.00 sec)

mysql> select floor(rand()*10+5);
+--------------------+
| floor(rand()*10+5) |
+--------------------+
|                 14 |
+--------------------+
1 row in set (0.00 sec)

mysql> select ceiling(3.23);
+---------------+
| ceiling(3.23) |
+---------------+
|             4 |
+---------------+
1 row in set (0.00 sec)

mysql> -select concat(goods_id," ",goods_name)from goods;
ERROR 1064 (42000): You have an error in your SQL syntax; check the manual that corresponds to your MySQL server version for the right syntax to use near '-select concat(goods_id," ",goods_name)from goods' at line 1
mysql> -select concat(goods_id," ",goods_name)from goods;
ERROR 1064 (42000): You have an error in your SQL syntax; check the manual that corresponds to your MySQL server version for the right syntax to use near '-select concat(goods_id," ",goods_name)from goods' at line 1
mysql> select concat(goods_id," ",goods_name)from goods;
+---------------------------------+
| concat(goods_id," ",goods_name) |
+---------------------------------+
| 1 KD876                         |
| 4 诺基亚N85原装充电器           |
| 3 诺基亚原装5800耳机            |
| 5 索爱原装M2卡读卡器            |
| 6 胜创KINGMAX内存卡             |
| 7 诺基亚N85原装立体声耳机HS-82  |
| 8 飞利浦9@9v                    |
| 9 诺基亚E66                     |
| 10 索爱C702c                    |
| 11 索爱C702c                    |
| 12 摩托罗拉A810                 |
| 13 诺基亚5320 XpressMusic       |
| 14 诺基亚5800XM                 |
| 15 摩托罗拉A810                 |
| 16 恒基伟业G101                 |
| 17 夏新N7                       |
| 18 夏新T5                       |
| 19 三星SGH-F258                 |
| 20 三星BC01                     |
| 21 金立 A30                     |
| 22 多普达Touch HD               |
| 23 诺基亚N96                    |
| 24 P806                         |
| 25 小灵通/固话50元充值卡        |
| 26 小灵通/固话20元充值卡        |
| 27 联通100元充值卡              |
| 28 联通50元充值卡               |
| 29 移动100元充值卡              |
| 30 移动20元充值卡               |
| 31 摩托罗拉E8                   |
| 32 诺基亚N85                    |
+---------------------------------+
31 rows in set (0.00 sec)

mysql> 
mysql> #字符串函数，计算ascii
mysql> select ascii("A");
+------------+
| ascii("A") |
+------------+
|         65 |
+------------+
1 row in set (0.06 sec)

mysql> select ascii("a");
+------------+
| ascii("a") |
+------------+
|         97 |
+------------+
1 row in set (0.00 sec)

mysql> select dayofweek();
ERROR 1582 (42000): Incorrect parameter count in the call to native function 'dayofweek'
mysql> select dayofweek("2016-0-01");
+------------------------+
| dayofweek("2016-0-01") |
+------------------------+
|                   NULL |
+------------------------+
1 row in set, 1 warning (0.07 sec)

mysql> select dateofweek("2016-0-01");
ERROR 1305 (42000): FUNCTION test.dateofweek does not exist
mysql> select dayofweek("2016-06-01");
+-------------------------+
| dayofweek("2016-06-01") |
+-------------------------+
|                       4 |
+-------------------------+
1 row in set (0.00 sec)

mysql> select week(currdate());
ERROR 1305 (42000): FUNCTION test.currdate does not exist
mysql> select week(curdate());
+-----------------+
| week(curdate()) |
+-----------------+
|              22 |
+-----------------+
1 row in set (0.07 sec)

mysql> show tables;
+----------------+
| Tables_in_test |
+----------------+
| category       |
| goods          |
| m              |
| mian           |
| person         |
| result         |
| shirt          |
| shop           |
| t              |
| t1             |
| user           |
+----------------+
11 rows in set (0.00 sec)

mysql> desc person;
+-------+----------------------+------+-----+---------+----------------+
| Field | Type                 | Null | Key | Default | Extra          |
+-------+----------------------+------+-----+---------+----------------+
| id    | smallint(5) unsigned | NO   | PRI | NULL    | auto_increment |
| name  | char(60)             | NO   |     | NULL    |                |
+-------+----------------------+------+-----+---------+----------------+
2 rows in set (0.19 sec)

mysql> desc shirt;
+-------+---------------------------------------------+------+-----+---------+----------------+
| Field | Type                                        | Null | Key | Default | Extra          |
+-------+---------------------------------------------+------+-----+---------+----------------+
| id    | smallint(5) unsigned                        | NO   | PRI | NULL    | auto_increment |
| style | enum('t-shirt','polo','dress')              | NO   |     | NULL    |                |
| color | enum('red','blue','orange','white','black') | NO   |     | NULL    |                |
| owner | smallint(5) unsigned                        | NO   |     | NULL    |                |
+-------+---------------------------------------------+------+-----+---------+----------------+
4 rows in set (0.10 sec)

mysql> select goods_name,if(shop_price>3000,"贵","便宜") from goods;
+------------------------------+---------------------------------+
| goods_name                   | if(shop_price>3000,"贵","便宜") |
+------------------------------+---------------------------------+
| KD876                        | 便宜                            |
| 诺基亚N85原装充电器          | 便宜                            |
| 诺基亚原装5800耳机           | 便宜                            |
| 索爱原装M2卡读卡器           | 便宜                            |
| 胜创KINGMAX内存卡            | 便宜                            |
| 诺基亚N85原装立体声耳机HS-82 | 便宜                            |
| 飞利浦9@9v                   | 便宜                            |
| 诺基亚E66                    | 便宜                            |
| 索爱C702c                    | 便宜                            |
| 索爱C702c                    | 便宜                            |
| 摩托罗拉A810                 | 便宜                            |
| 诺基亚5320 XpressMusic       | 便宜                            |
| 诺基亚5800XM                 | 便宜                            |
| 摩托罗拉A810                 | 便宜                            |
| 恒基伟业G101                 | 便宜                            |
| 夏新N7                       | 便宜                            |
| 夏新T5                       | 便宜                            |
| 三星SGH-F258                 | 便宜                            |
| 三星BC01                     | 便宜                            |
| 金立 A30                     | 便宜                            |
| 多普达Touch HD               | 贵                              |
| 诺基亚N96                    | 贵                              |
| P806                         | 便宜                            |
| 小灵通/固话50元充值卡        | 便宜                            |
| 小灵通/固话20元充值卡        | 便宜                            |
| 联通100元充值卡              | 便宜                            |
| 联通50元充值卡               | 便宜                            |
| 移动100元充值卡              | 便宜                            |
| 移动20元充值卡               | 便宜                            |
| 摩托罗拉E8                   | 便宜                            |
| 诺基亚N85                    | 贵                              |
+------------------------------+---------------------------------+
31 rows in set (0.00 sec)

mysql> select version();
+-----------+
| version() |
+-----------+
| 5.6.17    |
+-----------+
1 row in set (0.01 sec)

mysql> select user();
+----------------+
| user()         |
+----------------+
| root@localhost |
+----------------+
1 row in set (0.06 sec)

mysql> select database();
+------------+
| database() |
+------------+
| test       |
+------------+
1 row in set (0.00 sec)

mysql> create view goods
    -> as
    -> select * from goods where cat_id=4;
ERROR 1050 (42S01): Table 'goods' already exists
mysql> create view goods4
    -> as
    -> select * from goods where cat_id=4;
Query OK, 0 rows affected (0.10 sec)

mysql> select * from goods4;
+----------+--------+-----------+--------------+-------------+--------------+--------------+------------+------------+---------+--------+--------+
| goods_id | cat_id | goods_sn  | goods_name   | click_count | goods_number | market_price | shop_price | add_time   | is_best | is_new | is_hot |
+----------+--------+-----------+--------------+-------------+--------------+--------------+------------+------------+---------+--------+--------+
|        1 |      4 | ECS000000 | KD876        |           7 |            1 |      1665.60 |    1388.00 | 1240902890 |       1 |      1 |      1 |
|       14 |      4 | ECS000014 | 诺基亚5800XM |           6 |            1 |      3150.00 |    2625.00 | 1241968492 |       0 |      0 |      1 |
|       18 |      4 | ECS000018 | 夏新T5       |           0 |            1 |      3453.60 |    2878.00 | 1241969533 |       0 |      0 |      0 |
+----------+--------+-----------+--------------+-------------+--------------+--------------+------------+------------+---------+--------+--------+
3 rows in set (0.11 sec)

mysql> select * from goods4;
+----------+--------+-----------+--------------+-------------+--------------+--------------+------------+------------+---------+--------+--------+
| goods_id | cat_id | goods_sn  | goods_name   | click_count | goods_number | market_price | shop_price | add_time   | is_best | is_new | is_hot |
+----------+--------+-----------+--------------+-------------+--------------+--------------+------------+------------+---------+--------+--------+
|        1 |      4 | ECS000000 | KD876        |           7 |            1 |      1665.60 |    1388.00 | 1240902890 |       1 |      1 |      1 |
|       14 |      4 | ECS000014 | 诺基亚5800XM |           6 |            1 |      3150.00 |    2625.00 | 1241968492 |       0 |      0 |      1 |
|       18 |      4 | ECS000018 | 夏新T5       |           0 |            1 |      3453.60 |    2878.00 | 1241969533 |       0 |      0 |      0 |
+----------+--------+-----------+--------------+-------------+--------------+--------------+------------+------------+---------+--------+--------+
3 rows in set (0.00 sec)

mysql> select * from goods4;
+----------+--------+-----------+--------------+-------------+--------------+--------------+------------+------------+---------+--------+--------+
| goods_id | cat_id | goods_sn  | goods_name   | click_count | goods_number | market_price | shop_price | add_time   | is_best | is_new | is_hot |
+----------+--------+-----------+--------------+-------------+--------------+--------------+------------+------------+---------+--------+--------+
|        1 |      4 | ECS000000 | KD876        |           7 |            1 |      1665.60 |    1388.00 | 1240902890 |       1 |      1 |      1 |
|       14 |      4 | ECS000014 | 诺基亚5800XM |           6 |            1 |      3150.00 |    2625.00 | 1241968492 |       0 |      0 |      1 |
|       18 |      4 | ECS000018 | 夏新T5       |           0 |            1 |      3453.60 |    2878.00 | 1241969533 |       0 |      0 |      0 |
+----------+--------+-----------+--------------+-------------+--------------+--------------+------------+------------+---------+--------+--------+
3 rows in set (0.00 sec)

mysql> delete from goods4 where goods_id=1;
Query OK, 1 row affected (0.10 sec)

mysql> select * from goods4;
+----------+--------+-----------+--------------+-------------+--------------+--------------+------------+------------+---------+--------+--------+
| goods_id | cat_id | goods_sn  | goods_name   | click_count | goods_number | market_price | shop_price | add_time   | is_best | is_new | is_hot |
+----------+--------+-----------+--------------+-------------+--------------+--------------+------------+------------+---------+--------+--------+
|       14 |      4 | ECS000014 | 诺基亚5800XM |           6 |            1 |      3150.00 |    2625.00 | 1241968492 |       0 |      0 |      1 |
|       18 |      4 | ECS000018 | 夏新T5       |           0 |            1 |      3453.60 |    2878.00 | 1241969533 |       0 |      0 |      0 |
+----------+--------+-----------+--------------+-------------+--------------+--------------+------------+------------+---------+--------+--------+
2 rows in set (0.00 sec)

mysql> select * from goods where cat_id=4;
+----------+--------+-----------+--------------+-------------+--------------+--------------+------------+------------+---------+--------+--------+
| goods_id | cat_id | goods_sn  | goods_name   | click_count | goods_number | market_price | shop_price | add_time   | is_best | is_new | is_hot |
+----------+--------+-----------+--------------+-------------+--------------+--------------+------------+------------+---------+--------+--------+
|       14 |      4 | ECS000014 | 诺基亚5800XM |           6 |            1 |      3150.00 |    2625.00 | 1241968492 |       0 |      0 |      1 |
|       18 |      4 | ECS000018 | 夏新T5       |           0 |            1 |      3453.60 |    2878.00 | 1241969533 |       0 |      0 |      0 |
+----------+--------+-----------+--------------+-------------+--------------+--------------+------------+------------+---------+--------+--------+
2 rows in set (0.00 sec)

